// Jest Snapshot v1, https://goo.gl/fbAQLP

exports[`<Contact /> snapshot 1`] = `
<div
  class="sc-bdVaJa iokpBo"
>
  <div
    class="sc-EHOje bzFCPg"
  >
    <a
      aria-current="page"
      class="active"
      href="/"
    >
      <i
        class="icon-brand"
      />
    </a>
  </div>
  <div
    aria-expanded="false"
    aria-haspopup="true"
    class="sc-bwzfXH dyNQlG"
    role="button"
  >
    <div
      class="sc-htpNat bcxtXd"
    />
    <div
      class="sc-htpNat bcxtXd"
    />
    <div
      class="sc-htpNat bcxtXd"
    />
  </div>
  <ul
    class="sc-ifAKCX AGBPQ"
    role="menu"
  >
    <a
      class="active sc-bxivhb fhBYHs"
      href="/"
    >
      Home 
      <i
        class="icon-home"
      />
    </a>
    <a
      class="sc-bxivhb fhBYHs"
      href="/portfolio"
    >
      Portfolio 
      <i
        class="icon-briefcase"
      />
    </a>
    <a
      aria-current="page"
      class="sc-bxivhb fhBYHs active"
      href="/contact"
    >
      Contact 
      <i
        class="icon-message-square"
      />
    </a>
  </ul>
</div>
`;
