// Jest Snapshot v1, https://goo.gl/fbAQLP

exports[`<Contact /> snapshot 1`] = `
<Fragment>
  <styled.div>
    <div
      className="clearfix"
    />
    <styled.form
      id="contact-form"
      onSubmit={[Function]}
    >
      <styled.h4>
         Contact Me 
      </styled.h4>
      <styled.div>
        <styled.div>
          <styled.label
            className=""
          >
            Name
          </styled.label>
          <styled.input
            className=""
            maxLength="100"
            name="name"
            onChange={[Function]}
            type="text"
            value=""
          />
          <styled.div
            className=""
          >
            required*
          </styled.div>
        </styled.div>
        <styled.div>
          <styled.label
            className=""
          >
            Email Address
          </styled.label>
          <styled.input
            className=""
            maxLength="254"
            name="email"
            onChange={[Function]}
            type="text"
            value=""
          />
          <styled.div
            className=""
          >
            invalid*
          </styled.div>
        </styled.div>
      </styled.div>
      <styled.div>
        <styled.div>
          <styled.label
            className=""
          >
            Message
          </styled.label>
          <styled.textarea
            className=""
            maxLength="6000"
            name="message"
            onChange={[Function]}
            value=""
          />
          <styled.div
            className=""
          >
            required*
          </styled.div>
        </styled.div>
      </styled.div>
      <button
        className="form-button"
        type="submit"
      >
        Send
      </button>
    </styled.form>
  </styled.div>
  <Footer
    fixed={true}
  />
</Fragment>
`;
